com\mycompany\Sistema_ristorante\Piatti$2.class
com\mycompany\Sistema_ristorante\Login_Gestore.class
com\mycompany\Sistema_ristorante\Registrazione$3.class
com\mycompany\Sistema_ristorante\Main_Page$1.class
com\mycompany\Sistema_ristorante\ChiSiamo$2.class
com\mycompany\Sistema_ristorante\Comunicazioni$1.class
com\mycompany\Sistema_ristorante\Login$4.class
com\mycompany\Sistema_ristorante\Prenotazioni$1.class
com\mycompany\Sistema_ristorante\Elenco_Prenotazioni$1.class
com\mycompany\Sistema_ristorante\Login.class
com\mycompany\Sistema_ristorante\Prenotazioni.class
com\mycompany\Sistema_ristorante\Login$6.class
com\mycompany\Sistema_ristorante\Comunicazioni.class
com\mycompany\Sistema_ristorante\Prenotazioni$3.class
com\mycompany\Sistema_ristorante\Login$1.class
com\mycompany\Sistema_ristorante\Main_Page$3.class
com\mycompany\Sistema_ristorante\Main_Page$6.class
com\mycompany\Sistema_ristorante\Piatti.class
com\mycompany\Sistema_ristorante\Registrazione$5.class
com\mycompany\Sistema_ristorante\Main_Page.class
com\mycompany\Sistema_ristorante\ChiSiamo$1.class
com\mycompany\Sistema_ristorante\Login_Gestore$2.class
com\mycompany\Sistema_ristorante\Registrazione$4.class
com\mycompany\Sistema_ristorante\Login$3.class
com\mycompany\Sistema_ristorante\Registrazione$2.class
com\mycompany\Sistema_ristorante\Piatti$1.class
com\mycompany\Sistema_ristorante\Prenotazioni$2.class
com\mycompany\Sistema_ristorante\Registrazione$7.class
com\mycompany\Sistema_ristorante\MyConnection.class
com\mycompany\Sistema_ristorante\Elenco_Prenotazioni$2.class
com\mycompany\Sistema_ristorante\Elenco_Prenotazioni.class
com\mycompany\Sistema_ristorante\Comunicazioni$2.class
com\mycompany\Sistema_ristorante\Main_Page$4.class
com\mycompany\Sistema_ristorante\Main_Page$5.class
com\mycompany\Sistema_ristorante\Login$5.class
com\mycompany\Sistema_ristorante\Registrazione$1.class
com\mycompany\Sistema_ristorante\Registrazione$6.class
com\mycompany\Sistema_ristorante\Registrazione.class
com\mycompany\Sistema_ristorante\ChiSiamo.class
com\mycompany\Sistema_ristorante\Login$7.class
com\mycompany\Sistema_ristorante\Login_Gestore$1.class
com\mycompany\Sistema_ristorante\Main_Page$2.class
com\mycompany\Sistema_ristorante\Main_Page$7.class
com\mycompany\Sistema_ristorante\Login$2.class
com\mycompany\Sistema_ristorante\Prenotazioni$4.class
