C:\Users\VITO\Documents\NetBeansProjects\Restaurant_System\src\main\java\com\mycompany\login_register_design\MyConnection.java
C:\Users\VITO\Documents\NetBeansProjects\Restaurant_System\src\main\java\com\mycompany\Sistema_ristorante\Login_Gestore.java
C:\Users\VITO\Documents\NetBeansProjects\Restaurant_System\src\main\java\com\mycompany\login_register_design\ChiSiamo.java
C:\Users\VITO\Documents\NetBeansProjects\Restaurant_System\src\main\java\com\mycompany\login_register_design\Login.java
C:\Users\VITO\Documents\NetBeansProjects\Restaurant_System\src\main\java\com\mycompany\login_register_design\Elenco_Prenotazioni.java
C:\Users\VITO\Documents\NetBeansProjects\Restaurant_System\src\main\java\com\mycompany\login_register_design\Registrazione.java
C:\Users\VITO\Documents\NetBeansProjects\Restaurant_System\src\main\java\com\mycompany\login_register_design\Prenotazioni.java
C:\Users\VITO\Documents\NetBeansProjects\Restaurant_System\src\main\java\com\mycompany\login_register_design\Main_Page.java
C:\Users\VITO\Documents\NetBeansProjects\Restaurant_System\src\main\java\com\mycompany\login_register_design\Piatti.java
C:\Users\VITO\Documents\NetBeansProjects\Restaurant_System\src\main\java\com\mycompany\login_register_design\Comunicazioni.java
